// Jest Snapshot v1, https://goo.gl/fbAQLP

exports[`ExpenseDashboardPage #Snapshots Should render ExpenseDashboard correctly 1`] = `
<div>
  Dashboard page content
</div>
`;
